../Core/Src/main.c:94:10:Mesure_Distance	8	static
../Core/Src/main.c:116:6:Blink_Green	8	static
../Core/Src/main.c:125:6:Blink_Red	8	static
../Core/Src/main.c:137:6:Init_Moteur	8	static
../Core/Src/main.c:153:6:Move_Forward	8	static
../Core/Src/main.c:169:6:Move_Backward	8	static
../Core/Src/main.c:185:6:Stop	8	static
../Core/Src/main.c:200:6:Turn_Right	8	static
../Core/Src/main.c:216:6:Turn_Left	8	static
../Core/Src/main.c:236:5:main	16	static
../Core/Src/main.c:325:6:SystemClock_Config	112	static
../Core/Src/main.c:383:6:PeriphCommonClock_Config	88	static
../Core/Src/main.c:410:6:Error_Handler	4	static,ignoring_inline_asm
