../Drivers/STM32WBxx_HAL_Driver/Inc/stm32wbxx_ll_bus.h:539:22:LL_AHB2_GRP1_EnableClock	24	static
../Drivers/STM32WBxx_HAL_Driver/Inc/stm32wbxx_ll_bus.h:939:22:LL_APB1_GRP1_EnableClock	24	static
../Drivers/STM32WBxx_HAL_Driver/Inc/stm32wbxx_ll_bus.h:1038:22:LL_APB1_GRP1_DisableClock	16	static
../Drivers/STM32WBxx_HAL_Driver/Inc/stm32wbxx_ll_bus.h:1274:22:LL_APB2_GRP1_EnableClock	24	static
../Drivers/STM32WBxx_HAL_Driver/Inc/stm32wbxx_ll_bus.h:1328:22:LL_APB2_GRP1_DisableClock	16	static
../Core/Src/tim.c:32:6:MX_TIM1_Init	120	static
../Core/Src/tim.c:109:6:MX_TIM2_Init	64	static
../Core/Src/tim.c:163:6:MX_TIM16_Init	8	static
../Core/Src/tim.c:190:6:HAL_TIM_Base_MspInit	16	static
../Core/Src/tim.c:227:6:HAL_TIM_MspPostInit	40	static
../Core/Src/tim.c:275:6:HAL_TIM_Base_MspDeInit	16	static
