../Core/Src/main.c:66:6:delay_us	16	static
../Core/Src/main.c:71:6:GPIO_INIT_OUTPUT	32	static
../Core/Src/main.c:80:6:GPIO_INIT_INPUT	32	static
../Core/Src/main.c:87:6:start_DHT22	8	static
../Core/Src/main.c:95:9:DHT22_Verification_Reponse	16	static
../Core/Src/main.c:110:9:Lecture_DHT22	16	static
../Core/Src/main.c:129:6:affichage_temperature	40	static
../Core/Src/main.c:136:6:affichage_humidite	40	static
../Core/Src/main.c:153:5:main	8	static
../Core/Src/main.c:231:6:SystemClock_Config	96	static
../Core/Src/main.c:284:6:Error_Handler	4	static,ignoring_inline_asm
